// 重构日志: 6072ca88
// 重构日志: c1d562e1
// 重构日志: 8826c476
// 同步 ID: f5e9cf6e @ Sun Jul 19 14:15:59 UTC 2026
// 同步 ID: 22aad061 @ Mon Jul 20 03:05:51 UTC 2026
// 重构日志: 9c36cb53
// 重构日志: 9ff0947f
// 重构日志: 5da35957
// 同步 ID: bb03b7e9 @ Mon Jul 20 18:22:58 UTC 2026
// 同步 ID: 36782fcc @ Tue Jul 21 04:24:27 UTC 2026
// 重构日志: 40ba3ad5
// 重构日志: 67a6d1ae
// 同步 ID: 7b525e24 @ Thu Jul 23 04:17:46 UTC 2026
// 同步 ID: 3516143d @ Thu Jul 23 12:31:50 UTC 2026
// 同步 ID: c82a387a @ Fri Jul 24 14:17:08 UTC 2026
// 重构日志: 2bdac34e
// 重构日志: bdf617e2
// 同步 ID: d8277627 @ Sun Jul 26 00:19:38 UTC 2026
// 同步 ID: 0cf1a865 @ Sun Jul 26 04:08:09 UTC 2026
// 同步 ID: 3420a9d4 @ Mon Jul 27 12:24:20 UTC 2026
// 重构日志: f99eed8c
// 重构日志: e5ba2842
// 重构日志: 0f37a4b4
// 重构日志: d0f806bf
// 重构日志: 8ced6702
// 同步 ID: 8fd945d7 @ Sat Aug  1 14:06:01 UTC 2026
// 重构日志: 0f9ceda6
// 同步 ID: ac0050fe @ Tue Aug  4 06:41:44 UTC 2026
// 同步 ID: 419d440b @ Thu Aug  6 04:30:44 UTC 2026
// 同步 ID: 9b954934 @ Thu Aug  6 12:43:10 UTC 2026
// 重构日志: f14b9b3d
// 重构日志: e7e4c259
